Error: syntax error, invalid quoted character, line 3
