[trio(3,_6,_7),pair(2,_5)]
[pair(2,_5),trio(3,_6,_7)]
