Error: syntax error parens needed operator ':-', line 2
