[[1,3],[2,4]]
[[_5,3],[2,_5]]
[[_150,_151],[_161,_162]]
[[_150,_161],[_151,_162]]
