Error: syntax error, near '=/=' operator expected '	X is 1 =/= 2.
'
