0
1
2
3
4
5
6
7
8
9
10
11
12
13
uncaught exception: error(resource_error(too_many_vars),call/3)
