Error: syntax error, near 's', operator expected '	_X = 3s,
'
